[INFO] Scanning for projects...
[INFO] 
[INFO] ------------------< com.ab.peladapro:pelada-pro-api >-------------------
[INFO] Building pelada-pro-api 0.0.1-SNAPSHOT
[INFO]   from pom.xml
[INFO] --------------------------------[ jar ]---------------------------------
[INFO] 
[INFO] >>> spring-boot:3.2.0:run (default-cli) > test-compile @ pelada-pro-api >>>
[INFO] 
[INFO] --- resources:3.3.1:resources (default-resources) @ pelada-pro-api ---
[INFO] Copying 3 resources from src\main\resources to target\classes
[INFO] Copying 5 resources from src\main\resources to target\classes
[INFO] 
[INFO] --- compiler:3.11.0:compile (default-compile) @ pelada-pro-api ---
[INFO] Changes detected - recompiling the module! :source
[INFO] Compiling 87 source files with javac [debug release 21] to target\classes
[INFO] Annotation processing is enabled because one or more processors were found
  on the class path. A future release of javac may disable annotation processing
  unless at least one processor is specified by name (-processor), or a search
  path is specified (--processor-path, --processor-module-path), or annotation
  processing is enabled explicitly (-proc:only, -proc:full).
  Use -Xlint:-options to suppress this message.
  Use -proc:none to disable annotation processing.
[INFO] 
[INFO] --- resources:3.3.1:testResources (default-testResources) @ pelada-pro-api ---
[INFO] skip non existing resourceDirectory C:\development\my-workspace\pelada-pro\pelada-pro-api\src\test\resources
[INFO] 
[INFO] --- compiler:3.11.0:testCompile (default-testCompile) @ pelada-pro-api ---
[INFO] Changes detected - recompiling the module! :dependency
[INFO] 
[INFO] <<< spring-boot:3.2.0:run (default-cli) < test-compile @ pelada-pro-api <<<
[INFO] 
[INFO] 
[INFO] --- spring-boot:3.2.0:run (default-cli) @ pelada-pro-api ---
[INFO] Attaching agents: []

  .   ____          _            __ _ _
 /\\ / ___'_ __ _ _(_)_ __  __ _ \ \ \ \
( ( )\___ | '_ | '_| | '_ \/ _` | \ \ \ \
 \\/  ___)| |_)| | | | | || (_| |  ) ) ) )
  '  |____| .__|_| |_|_| |_\__, | / / / /
 =========|_|==============|___/=/_/_/_/
[32m :: Spring Boot :: [39m              [2m (v3.2.0)[0;39m

[2m2026-02-06T16:22:50.415-03:00[0;39m [32m INFO[0;39m [35m48888[0;39m [2m---[0;39m [2m[           main][0;39m [2m[0;39m[36mc.a.p.p.PeladaProApiApplication         [0;39m [2m:[0;39m Starting PeladaProApiApplication using Java 21.0.7 with PID 48888 (C:\development\my-workspace\pelada-pro\pelada-pro-api\target\classes started by andre in C:\development\my-workspace\pelada-pro\pelada-pro-api)
[2m2026-02-06T16:22:50.419-03:00[0;39m [32m INFO[0;39m [35m48888[0;39m [2m---[0;39m [2m[           main][0;39m [2m[0;39m[36mc.a.p.p.PeladaProApiApplication         [0;39m [2m:[0;39m The following 1 profile is active: "dev"
[2m2026-02-06T16:22:52.985-03:00[0;39m [32m INFO[0;39m [35m48888[0;39m [2m---[0;39m [2m[           main][0;39m [2m[0;39m[36m.s.d.r.c.RepositoryConfigurationDelegate[0;39m [2m:[0;39m Bootstrapping Spring Data JPA repositories in DEFAULT mode.
[2m2026-02-06T16:22:53.180-03:00[0;39m [32m INFO[0;39m [35m48888[0;39m [2m---[0;39m [2m[           main][0;39m [2m[0;39m[36m.s.d.r.c.RepositoryConfigurationDelegate[0;39m [2m:[0;39m Finished Spring Data repository scanning in 181 ms. Found 8 JPA repository interfaces.
[2m2026-02-06T16:22:54.734-03:00[0;39m [32m INFO[0;39m [35m48888[0;39m [2m---[0;39m [2m[           main][0;39m [2m[0;39m[36mo.s.b.w.embedded.tomcat.TomcatWebServer [0;39m [2m:[0;39m Tomcat initialized with port 8081 (http)
[2m2026-02-06T16:22:54.757-03:00[0;39m [32m INFO[0;39m [35m48888[0;39m [2m---[0;39m [2m[           main][0;39m [2m[0;39m[36mo.apache.catalina.core.StandardService  [0;39m [2m:[0;39m Starting service [Tomcat]
[2m2026-02-06T16:22:54.758-03:00[0;39m [32m INFO[0;39m [35m48888[0;39m [2m---[0;39m [2m[           main][0;39m [2m[0;39m[36mo.apache.catalina.core.StandardEngine   [0;39m [2m:[0;39m Starting Servlet engine: [Apache Tomcat/10.1.16]
[2m2026-02-06T16:22:55.035-03:00[0;39m [32m INFO[0;39m [35m48888[0;39m [2m---[0;39m [2m[           main][0;39m [2m[0;39m[36mo.a.c.c.C.[Tomcat].[localhost].[/]      [0;39m [2m:[0;39m Initializing Spring embedded WebApplicationContext
[2m2026-02-06T16:22:55.037-03:00[0;39m [32m INFO[0;39m [35m48888[0;39m [2m---[0;39m [2m[           main][0;39m [2m[0;39m[36mw.s.c.ServletWebServerApplicationContext[0;39m [2m:[0;39m Root WebApplicationContext: initialization completed in 4433 ms
[2m2026-02-06T16:22:55.216-03:00[0;39m [32m INFO[0;39m [35m48888[0;39m [2m---[0;39m [2m[           main][0;39m [2m[0;39m[36mcom.zaxxer.hikari.HikariDataSource      [0;39m [2m:[0;39m HikariPool-1 - Starting...
[2m2026-02-06T16:22:56.004-03:00[0;39m [32m INFO[0;39m [35m48888[0;39m [2m---[0;39m [2m[           main][0;39m [2m[0;39m[36mcom.zaxxer.hikari.pool.HikariPool       [0;39m [2m:[0;39m HikariPool-1 - Added connection com.mysql.cj.jdbc.ConnectionImpl@2baac4a7
[2m2026-02-06T16:22:56.009-03:00[0;39m [32m INFO[0;39m [35m48888[0;39m [2m---[0;39m [2m[           main][0;39m [2m[0;39m[36mcom.zaxxer.hikari.HikariDataSource      [0;39m [2m:[0;39m HikariPool-1 - Start completed.
[2m2026-02-06T16:22:56.192-03:00[0;39m [32m INFO[0;39m [35m48888[0;39m [2m---[0;39m [2m[           main][0;39m [2m[0;39m[36mo.f.c.internal.license.VersionPrinter   [0;39m [2m:[0;39m Flyway Community Edition 9.22.3 by Redgate
[2m2026-02-06T16:22:56.192-03:00[0;39m [32m INFO[0;39m [35m48888[0;39m [2m---[0;39m [2m[           main][0;39m [2m[0;39m[36mo.f.c.internal.license.VersionPrinter   [0;39m [2m:[0;39m See release notes here: https://rd.gt/416ObMi
[2m2026-02-06T16:22:56.192-03:00[0;39m [32m INFO[0;39m [35m48888[0;39m [2m---[0;39m [2m[           main][0;39m [2m[0;39m[36mo.f.c.internal.license.VersionPrinter   [0;39m [2m:[0;39m 
[2m2026-02-06T16:22:56.297-03:00[0;39m [32m INFO[0;39m [35m48888[0;39m [2m---[0;39m [2m[           main][0;39m [2m[0;39m[36morg.flywaydb.core.FlywayExecutor        [0;39m [2m:[0;39m Database: jdbc:mysql://localhost:3306/peladapro_local (MySQL 8.0)
[2m2026-02-06T16:22:56.457-03:00[0;39m [32m INFO[0;39m [35m48888[0;39m [2m---[0;39m [2m[           main][0;39m [2m[0;39m[36mo.f.core.internal.command.DbValidate    [0;39m [2m:[0;39m Successfully validated 5 migrations (execution time 00:00.076s)
[2m2026-02-06T16:22:56.480-03:00[0;39m [32m INFO[0;39m [35m48888[0;39m [2m---[0;39m [2m[           main][0;39m [2m[0;39m[36mo.f.core.internal.command.DbMigrate     [0;39m [2m:[0;39m Current version of schema `peladapro_local`: 0005
[2m2026-02-06T16:22:56.480-03:00[0;39m [32m INFO[0;39m [35m48888[0;39m [2m---[0;39m [2m[           main][0;39m [2m[0;39m[36mo.f.core.internal.command.DbMigrate     [0;39m [2m:[0;39m Schema `peladapro_local` is up to date. No migration necessary.
[2m2026-02-06T16:22:56.617-03:00[0;39m [32m INFO[0;39m [35m48888[0;39m [2m---[0;39m [2m[           main][0;39m [2m[0;39m[36mo.hibernate.jpa.internal.util.LogHelper [0;39m [2m:[0;39m HHH000204: Processing PersistenceUnitInfo [name: default]
[2m2026-02-06T16:22:56.741-03:00[0;39m [32m INFO[0;39m [35m48888[0;39m [2m---[0;39m [2m[           main][0;39m [2m[0;39m[36morg.hibernate.Version                   [0;39m [2m:[0;39m HHH000412: Hibernate ORM core version 6.3.1.Final
[2m2026-02-06T16:22:56.817-03:00[0;39m [32m INFO[0;39m [35m48888[0;39m [2m---[0;39m [2m[           main][0;39m [2m[0;39m[36mo.h.c.internal.RegionFactoryInitiator   [0;39m [2m:[0;39m HHH000026: Second-level cache disabled
[2m2026-02-06T16:22:57.291-03:00[0;39m [32m INFO[0;39m [35m48888[0;39m [2m---[0;39m [2m[           main][0;39m [2m[0;39m[36mo.s.o.j.p.SpringPersistenceUnitInfo     [0;39m [2m:[0;39m No LoadTimeWeaver setup: ignoring JPA class transformer
[2m2026-02-06T16:22:59.111-03:00[0;39m [32m INFO[0;39m [35m48888[0;39m [2m---[0;39m [2m[           main][0;39m [2m[0;39m[36mo.h.e.t.j.p.i.JtaPlatformInitiator      [0;39m [2m:[0;39m HHH000489: No JTA platform available (set 'hibernate.transaction.jta.platform' to enable JTA platform integration)
[2m2026-02-06T16:22:59.111-03:00[0;39m [32m INFO[0;39m [35m48888[0;39m [2m---[0;39m [2m[           main][0;39m [2m[0;39m[36mj.LocalContainerEntityManagerFactoryBean[0;39m [2m:[0;39m Initialized JPA EntityManagerFactory for persistence unit 'default'
